# serializer version: 1
# name: test_empty_response_returns_empty_list
  dict({
    'SE3': list([
    ]),
  })
# ---
# name: test_service_call
  dict({
    'SE3': list([
      dict({
        'end': '2025-09-30T22:15:00+00:00',
        'price': 556.68,
        'start': '2025-09-30T22:00:00+00:00',
      }),
      dict({
        'end': '2025-09-30T22:30:00+00:00',
        'price': 519.88,
        'start': '2025-09-30T22:15:00+00:00',
      }),
      dict({
        'end': '2025-09-30T22:45:00+00:00',
        'price': 508.28,
        'start': '2025-09-30T22:30:00+00:00',
      }),
      dict({
        'end': '2025-09-30T23:00:00+00:00',
        'price': 509.93,
        'start': '2025-09-30T22:45:00+00:00',
      }),
      dict({
        'end': '2025-09-30T23:15:00+00:00',
        'price': 501.64,
        'start': '2025-09-30T23:00:00+00:00',
      }),
      dict({
        'end': '2025-09-30T23:30:00+00:00',
        'price': 509.05,
        'start': '2025-09-30T23:15:00+00:00',
      }),
      dict({
        'end': '2025-09-30T23:45:00+00:00',
        'price': 491.03,
        'start': '2025-09-30T23:30:00+00:00',
      }),
      dict({
        'end': '2025-10-01T00:00:00+00:00',
        'price': 442.07,
        'start': '2025-09-30T23:45:00+00:00',
      }),
      dict({
        'end': '2025-10-01T00:15:00+00:00',
        'price': 504.08,
        'start': '2025-10-01T00:00:00+00:00',
      }),
      dict({
        'end': '2025-10-01T00:30:00+00:00',
        'price': 504.85,
        'start': '2025-10-01T00:15:00+00:00',
      }),
      dict({
        'end': '2025-10-01T00:45:00+00:00',
        'price': 504.3,
        'start': '2025-10-01T00:30:00+00:00',
      }),
      dict({
        'end': '2025-10-01T01:00:00+00:00',
        'price': 506.29,
        'start': '2025-10-01T00:45:00+00:00',
      }),
      dict({
        'end': '2025-10-01T01:15:00+00:00',
        'price': 442.07,
        'start': '2025-10-01T01:00:00+00:00',
      }),
      dict({
        'end': '2025-10-01T01:30:00+00:00',
        'price': 441.96,
        'start': '2025-10-01T01:15:00+00:00',
      }),
      dict({
        'end': '2025-10-01T01:45:00+00:00',
        'price': 442.07,
        'start': '2025-10-01T01:30:00+00:00',
      }),
      dict({
        'end': '2025-10-01T02:00:00+00:00',
        'price': 442.07,
        'start': '2025-10-01T01:45:00+00:00',
      }),
      dict({
        'end': '2025-10-01T02:15:00+00:00',
        'price': 441.96,
        'start': '2025-10-01T02:00:00+00:00',
      }),
      dict({
        'end': '2025-10-01T02:30:00+00:00',
        'price': 483.3,
        'start': '2025-10-01T02:15:00+00:00',
      }),
      dict({
        'end': '2025-10-01T02:45:00+00:00',
        'price': 484.29,
        'start': '2025-10-01T02:30:00+00:00',
      }),
      dict({
        'end': '2025-10-01T03:00:00+00:00',
        'price': 574.7,
        'start': '2025-10-01T02:45:00+00:00',
      }),
      dict({
        'end': '2025-10-01T03:15:00+00:00',
        'price': 543.31,
        'start': '2025-10-01T03:00:00+00:00',
      }),
      dict({
        'end': '2025-10-01T03:30:00+00:00',
        'price': 578.01,
        'start': '2025-10-01T03:15:00+00:00',
      }),
      dict({
        'end': '2025-10-01T03:45:00+00:00',
        'price': 774.96,
        'start': '2025-10-01T03:30:00+00:00',
      }),
      dict({
        'end': '2025-10-01T04:00:00+00:00',
        'price': 787.0,
        'start': '2025-10-01T03:45:00+00:00',
      }),
      dict({
        'end': '2025-10-01T04:15:00+00:00',
        'price': 902.38,
        'start': '2025-10-01T04:00:00+00:00',
      }),
      dict({
        'end': '2025-10-01T04:30:00+00:00',
        'price': 1079.32,
        'start': '2025-10-01T04:15:00+00:00',
      }),
      dict({
        'end': '2025-10-01T04:45:00+00:00',
        'price': 1222.67,
        'start': '2025-10-01T04:30:00+00:00',
      }),
      dict({
        'end': '2025-10-01T05:00:00+00:00',
        'price': 1394.63,
        'start': '2025-10-01T04:45:00+00:00',
      }),
      dict({
        'end': '2025-10-01T05:15:00+00:00',
        'price': 1529.36,
        'start': '2025-10-01T05:00:00+00:00',
      }),
      dict({
        'end': '2025-10-01T05:30:00+00:00',
        'price': 1724.53,
        'start': '2025-10-01T05:15:00+00:00',
      }),
      dict({
        'end': '2025-10-01T05:45:00+00:00',
        'price': 1809.96,
        'start': '2025-10-01T05:30:00+00:00',
      }),
      dict({
        'end': '2025-10-01T06:00:00+00:00',
        'price': 1713.04,
        'start': '2025-10-01T05:45:00+00:00',
      }),
      dict({
        'end': '2025-10-01T06:15:00+00:00',
        'price': 1925.9,
        'start': '2025-10-01T06:00:00+00:00',
      }),
      dict({
        'end': '2025-10-01T06:30:00+00:00',
        'price': 1440.06,
        'start': '2025-10-01T06:15:00+00:00',
      }),
      dict({
        'end': '2025-10-01T06:45:00+00:00',
        'price': 1183.32,
        'start': '2025-10-01T06:30:00+00:00',
      }),
      dict({
        'end': '2025-10-01T07:00:00+00:00',
        'price': 962.95,
        'start': '2025-10-01T06:45:00+00:00',
      }),
      dict({
        'end': '2025-10-01T07:15:00+00:00',
        'price': 1402.04,
        'start': '2025-10-01T07:00:00+00:00',
      }),
      dict({
        'end': '2025-10-01T07:30:00+00:00',
        'price': 1060.65,
        'start': '2025-10-01T07:15:00+00:00',
      }),
      dict({
        'end': '2025-10-01T07:45:00+00:00',
        'price': 949.13,
        'start': '2025-10-01T07:30:00+00:00',
      }),
      dict({
        'end': '2025-10-01T08:00:00+00:00',
        'price': 841.82,
        'start': '2025-10-01T07:45:00+00:00',
      }),
      dict({
        'end': '2025-10-01T08:15:00+00:00',
        'price': 1037.44,
        'start': '2025-10-01T08:00:00+00:00',
      }),
      dict({
        'end': '2025-10-01T08:30:00+00:00',
        'price': 950.13,
        'start': '2025-10-01T08:15:00+00:00',
      }),
      dict({
        'end': '2025-10-01T08:45:00+00:00',
        'price': 826.13,
        'start': '2025-10-01T08:30:00+00:00',
      }),
      dict({
        'end': '2025-10-01T09:00:00+00:00',
        'price': 684.55,
        'start': '2025-10-01T08:45:00+00:00',
      }),
      dict({
        'end': '2025-10-01T09:15:00+00:00',
        'price': 861.6,
        'start': '2025-10-01T09:00:00+00:00',
      }),
      dict({
        'end': '2025-10-01T09:30:00+00:00',
        'price': 722.79,
        'start': '2025-10-01T09:15:00+00:00',
      }),
      dict({
        'end': '2025-10-01T09:45:00+00:00',
        'price': 640.57,
        'start': '2025-10-01T09:30:00+00:00',
      }),
      dict({
        'end': '2025-10-01T10:00:00+00:00',
        'price': 607.74,
        'start': '2025-10-01T09:45:00+00:00',
      }),
      dict({
        'end': '2025-10-01T10:15:00+00:00',
        'price': 674.05,
        'start': '2025-10-01T10:00:00+00:00',
      }),
      dict({
        'end': '2025-10-01T10:30:00+00:00',
        'price': 638.58,
        'start': '2025-10-01T10:15:00+00:00',
      }),
      dict({
        'end': '2025-10-01T10:45:00+00:00',
        'price': 638.47,
        'start': '2025-10-01T10:30:00+00:00',
      }),
      dict({
        'end': '2025-10-01T11:00:00+00:00',
        'price': 634.82,
        'start': '2025-10-01T10:45:00+00:00',
      }),
      dict({
        'end': '2025-10-01T11:15:00+00:00',
        'price': 637.36,
        'start': '2025-10-01T11:00:00+00:00',
      }),
      dict({
        'end': '2025-10-01T11:30:00+00:00',
        'price': 660.68,
        'start': '2025-10-01T11:15:00+00:00',
      }),
      dict({
        'end': '2025-10-01T11:45:00+00:00',
        'price': 679.14,
        'start': '2025-10-01T11:30:00+00:00',
      }),
      dict({
        'end': '2025-10-01T12:00:00+00:00',
        'price': 694.61,
        'start': '2025-10-01T11:45:00+00:00',
      }),
      dict({
        'end': '2025-10-01T12:15:00+00:00',
        'price': 622.33,
        'start': '2025-10-01T12:00:00+00:00',
      }),
      dict({
        'end': '2025-10-01T12:30:00+00:00',
        'price': 685.44,
        'start': '2025-10-01T12:15:00+00:00',
      }),
      dict({
        'end': '2025-10-01T12:45:00+00:00',
        'price': 732.85,
        'start': '2025-10-01T12:30:00+00:00',
      }),
      dict({
        'end': '2025-10-01T13:00:00+00:00',
        'price': 801.92,
        'start': '2025-10-01T12:45:00+00:00',
      }),
      dict({
        'end': '2025-10-01T13:15:00+00:00',
        'price': 629.4,
        'start': '2025-10-01T13:00:00+00:00',
      }),
      dict({
        'end': '2025-10-01T13:30:00+00:00',
        'price': 729.53,
        'start': '2025-10-01T13:15:00+00:00',
      }),
      dict({
        'end': '2025-10-01T13:45:00+00:00',
        'price': 884.81,
        'start': '2025-10-01T13:30:00+00:00',
      }),
      dict({
        'end': '2025-10-01T14:00:00+00:00',
        'price': 984.94,
        'start': '2025-10-01T13:45:00+00:00',
      }),
      dict({
        'end': '2025-10-01T14:15:00+00:00',
        'price': 615.26,
        'start': '2025-10-01T14:00:00+00:00',
      }),
      dict({
        'end': '2025-10-01T14:30:00+00:00',
        'price': 902.94,
        'start': '2025-10-01T14:15:00+00:00',
      }),
      dict({
        'end': '2025-10-01T14:45:00+00:00',
        'price': 1043.85,
        'start': '2025-10-01T14:30:00+00:00',
      }),
      dict({
        'end': '2025-10-01T15:00:00+00:00',
        'price': 1075.12,
        'start': '2025-10-01T14:45:00+00:00',
      }),
      dict({
        'end': '2025-10-01T15:15:00+00:00',
        'price': 980.52,
        'start': '2025-10-01T15:00:00+00:00',
      }),
      dict({
        'end': '2025-10-01T15:30:00+00:00',
        'price': 1162.66,
        'start': '2025-10-01T15:15:00+00:00',
      }),
      dict({
        'end': '2025-10-01T15:45:00+00:00',
        'price': 1453.87,
        'start': '2025-10-01T15:30:00+00:00',
      }),
      dict({
        'end': '2025-10-01T16:00:00+00:00',
        'price': 1955.96,
        'start': '2025-10-01T15:45:00+00:00',
      }),
      dict({
        'end': '2025-10-01T16:15:00+00:00',
        'price': 1423.48,
        'start': '2025-10-01T16:00:00+00:00',
      }),
      dict({
        'end': '2025-10-01T16:30:00+00:00',
        'price': 1900.04,
        'start': '2025-10-01T16:15:00+00:00',
      }),
      dict({
        'end': '2025-10-01T16:45:00+00:00',
        'price': 2611.11,
        'start': '2025-10-01T16:30:00+00:00',
      }),
      dict({
        'end': '2025-10-01T17:00:00+00:00',
        'price': 3467.41,
        'start': '2025-10-01T16:45:00+00:00',
      }),
      dict({
        'end': '2025-10-01T17:15:00+00:00',
        'price': 3828.03,
        'start': '2025-10-01T17:00:00+00:00',
      }),
      dict({
        'end': '2025-10-01T17:30:00+00:00',
        'price': 3429.83,
        'start': '2025-10-01T17:15:00+00:00',
      }),
      dict({
        'end': '2025-10-01T17:45:00+00:00',
        'price': 2934.38,
        'start': '2025-10-01T17:30:00+00:00',
      }),
      dict({
        'end': '2025-10-01T18:00:00+00:00',
        'price': 2308.07,
        'start': '2025-10-01T17:45:00+00:00',
      }),
      dict({
        'end': '2025-10-01T18:15:00+00:00',
        'price': 1997.96,
        'start': '2025-10-01T18:00:00+00:00',
      }),
      dict({
        'end': '2025-10-01T18:30:00+00:00',
        'price': 1424.03,
        'start': '2025-10-01T18:15:00+00:00',
      }),
      dict({
        'end': '2025-10-01T18:45:00+00:00',
        'price': 1216.81,
        'start': '2025-10-01T18:30:00+00:00',
      }),
      dict({
        'end': '2025-10-01T19:00:00+00:00',
        'price': 1070.15,
        'start': '2025-10-01T18:45:00+00:00',
      }),
      dict({
        'end': '2025-10-01T19:15:00+00:00',
        'price': 1218.14,
        'start': '2025-10-01T19:00:00+00:00',
      }),
      dict({
        'end': '2025-10-01T19:30:00+00:00',
        'price': 1135.8,
        'start': '2025-10-01T19:15:00+00:00',
      }),
      dict({
        'end': '2025-10-01T19:45:00+00:00',
        'price': 959.96,
        'start': '2025-10-01T19:30:00+00:00',
      }),
      dict({
        'end': '2025-10-01T20:00:00+00:00',
        'price': 913.66,
        'start': '2025-10-01T19:45:00+00:00',
      }),
      dict({
        'end': '2025-10-01T20:15:00+00:00',
        'price': 1001.63,
        'start': '2025-10-01T20:00:00+00:00',
      }),
      dict({
        'end': '2025-10-01T20:30:00+00:00',
        'price': 933.0,
        'start': '2025-10-01T20:15:00+00:00',
      }),
      dict({
        'end': '2025-10-01T20:45:00+00:00',
        'price': 874.53,
        'start': '2025-10-01T20:30:00+00:00',
      }),
      dict({
        'end': '2025-10-01T21:00:00+00:00',
        'price': 821.71,
        'start': '2025-10-01T20:45:00+00:00',
      }),
      dict({
        'end': '2025-10-01T21:15:00+00:00',
        'price': 860.5,
        'start': '2025-10-01T21:00:00+00:00',
      }),
      dict({
        'end': '2025-10-01T21:30:00+00:00',
        'price': 840.16,
        'start': '2025-10-01T21:15:00+00:00',
      }),
      dict({
        'end': '2025-10-01T21:45:00+00:00',
        'price': 820.05,
        'start': '2025-10-01T21:30:00+00:00',
      }),
      dict({
        'end': '2025-10-01T22:00:00+00:00',
        'price': 785.68,
        'start': '2025-10-01T21:45:00+00:00',
      }),
    ]),
  })
# ---
# name: test_service_call_for_price_indices[get_price_indices_for_date_15]
  dict({
    'SE3': list([
      dict({
        'end': '2025-09-30T22:15:00+00:00',
        'price': 556.68,
        'start': '2025-09-30T22:00:00+00:00',
      }),
      dict({
        'end': '2025-09-30T22:30:00+00:00',
        'price': 519.88,
        'start': '2025-09-30T22:15:00+00:00',
      }),
      dict({
        'end': '2025-09-30T22:45:00+00:00',
        'price': 508.28,
        'start': '2025-09-30T22:30:00+00:00',
      }),
      dict({
        'end': '2025-09-30T23:00:00+00:00',
        'price': 509.93,
        'start': '2025-09-30T22:45:00+00:00',
      }),
      dict({
        'end': '2025-09-30T23:15:00+00:00',
        'price': 501.64,
        'start': '2025-09-30T23:00:00+00:00',
      }),
      dict({
        'end': '2025-09-30T23:30:00+00:00',
        'price': 509.05,
        'start': '2025-09-30T23:15:00+00:00',
      }),
      dict({
        'end': '2025-09-30T23:45:00+00:00',
        'price': 491.03,
        'start': '2025-09-30T23:30:00+00:00',
      }),
      dict({
        'end': '2025-10-01T00:00:00+00:00',
        'price': 442.07,
        'start': '2025-09-30T23:45:00+00:00',
      }),
      dict({
        'end': '2025-10-01T00:15:00+00:00',
        'price': 504.08,
        'start': '2025-10-01T00:00:00+00:00',
      }),
      dict({
        'end': '2025-10-01T00:30:00+00:00',
        'price': 504.85,
        'start': '2025-10-01T00:15:00+00:00',
      }),
      dict({
        'end': '2025-10-01T00:45:00+00:00',
        'price': 504.3,
        'start': '2025-10-01T00:30:00+00:00',
      }),
      dict({
        'end': '2025-10-01T01:00:00+00:00',
        'price': 506.29,
        'start': '2025-10-01T00:45:00+00:00',
      }),
      dict({
        'end': '2025-10-01T01:15:00+00:00',
        'price': 442.07,
        'start': '2025-10-01T01:00:00+00:00',
      }),
      dict({
        'end': '2025-10-01T01:30:00+00:00',
        'price': 441.96,
        'start': '2025-10-01T01:15:00+00:00',
      }),
      dict({
        'end': '2025-10-01T01:45:00+00:00',
        'price': 442.07,
        'start': '2025-10-01T01:30:00+00:00',
      }),
      dict({
        'end': '2025-10-01T02:00:00+00:00',
        'price': 442.07,
        'start': '2025-10-01T01:45:00+00:00',
      }),
      dict({
        'end': '2025-10-01T02:15:00+00:00',
        'price': 441.96,
        'start': '2025-10-01T02:00:00+00:00',
      }),
      dict({
        'end': '2025-10-01T02:30:00+00:00',
        'price': 483.3,
        'start': '2025-10-01T02:15:00+00:00',
      }),
      dict({
        'end': '2025-10-01T02:45:00+00:00',
        'price': 484.29,
        'start': '2025-10-01T02:30:00+00:00',
      }),
      dict({
        'end': '2025-10-01T03:00:00+00:00',
        'price': 574.7,
        'start': '2025-10-01T02:45:00+00:00',
      }),
      dict({
        'end': '2025-10-01T03:15:00+00:00',
        'price': 543.31,
        'start': '2025-10-01T03:00:00+00:00',
      }),
      dict({
        'end': '2025-10-01T03:30:00+00:00',
        'price': 578.01,
        'start': '2025-10-01T03:15:00+00:00',
      }),
      dict({
        'end': '2025-10-01T03:45:00+00:00',
        'price': 774.96,
        'start': '2025-10-01T03:30:00+00:00',
      }),
      dict({
        'end': '2025-10-01T04:00:00+00:00',
        'price': 787.0,
        'start': '2025-10-01T03:45:00+00:00',
      }),
      dict({
        'end': '2025-10-01T04:15:00+00:00',
        'price': 902.38,
        'start': '2025-10-01T04:00:00+00:00',
      }),
      dict({
        'end': '2025-10-01T04:30:00+00:00',
        'price': 1079.32,
        'start': '2025-10-01T04:15:00+00:00',
      }),
      dict({
        'end': '2025-10-01T04:45:00+00:00',
        'price': 1222.67,
        'start': '2025-10-01T04:30:00+00:00',
      }),
      dict({
        'end': '2025-10-01T05:00:00+00:00',
        'price': 1394.63,
        'start': '2025-10-01T04:45:00+00:00',
      }),
      dict({
        'end': '2025-10-01T05:15:00+00:00',
        'price': 1529.36,
        'start': '2025-10-01T05:00:00+00:00',
      }),
      dict({
        'end': '2025-10-01T05:30:00+00:00',
        'price': 1724.53,
        'start': '2025-10-01T05:15:00+00:00',
      }),
      dict({
        'end': '2025-10-01T05:45:00+00:00',
        'price': 1809.96,
        'start': '2025-10-01T05:30:00+00:00',
      }),
      dict({
        'end': '2025-10-01T06:00:00+00:00',
        'price': 1713.04,
        'start': '2025-10-01T05:45:00+00:00',
      }),
      dict({
        'end': '2025-10-01T06:15:00+00:00',
        'price': 1925.9,
        'start': '2025-10-01T06:00:00+00:00',
      }),
      dict({
        'end': '2025-10-01T06:30:00+00:00',
        'price': 1440.06,
        'start': '2025-10-01T06:15:00+00:00',
      }),
      dict({
        'end': '2025-10-01T06:45:00+00:00',
        'price': 1183.32,
        'start': '2025-10-01T06:30:00+00:00',
      }),
      dict({
        'end': '2025-10-01T07:00:00+00:00',
        'price': 962.95,
        'start': '2025-10-01T06:45:00+00:00',
      }),
      dict({
        'end': '2025-10-01T07:15:00+00:00',
        'price': 1402.04,
        'start': '2025-10-01T07:00:00+00:00',
      }),
      dict({
        'end': '2025-10-01T07:30:00+00:00',
        'price': 1060.65,
        'start': '2025-10-01T07:15:00+00:00',
      }),
      dict({
        'end': '2025-10-01T07:45:00+00:00',
        'price': 949.13,
        'start': '2025-10-01T07:30:00+00:00',
      }),
      dict({
        'end': '2025-10-01T08:00:00+00:00',
        'price': 841.82,
        'start': '2025-10-01T07:45:00+00:00',
      }),
      dict({
        'end': '2025-10-01T08:15:00+00:00',
        'price': 1037.44,
        'start': '2025-10-01T08:00:00+00:00',
      }),
      dict({
        'end': '2025-10-01T08:30:00+00:00',
        'price': 950.13,
        'start': '2025-10-01T08:15:00+00:00',
      }),
      dict({
        'end': '2025-10-01T08:45:00+00:00',
        'price': 826.13,
        'start': '2025-10-01T08:30:00+00:00',
      }),
      dict({
        'end': '2025-10-01T09:00:00+00:00',
        'price': 684.55,
        'start': '2025-10-01T08:45:00+00:00',
      }),
      dict({
        'end': '2025-10-01T09:15:00+00:00',
        'price': 861.6,
        'start': '2025-10-01T09:00:00+00:00',
      }),
      dict({
        'end': '2025-10-01T09:30:00+00:00',
        'price': 722.79,
        'start': '2025-10-01T09:15:00+00:00',
      }),
      dict({
        'end': '2025-10-01T09:45:00+00:00',
        'price': 640.57,
        'start': '2025-10-01T09:30:00+00:00',
      }),
      dict({
        'end': '2025-10-01T10:00:00+00:00',
        'price': 607.74,
        'start': '2025-10-01T09:45:00+00:00',
      }),
      dict({
        'end': '2025-10-01T10:15:00+00:00',
        'price': 674.05,
        'start': '2025-10-01T10:00:00+00:00',
      }),
      dict({
        'end': '2025-10-01T10:30:00+00:00',
        'price': 638.58,
        'start': '2025-10-01T10:15:00+00:00',
      }),
      dict({
        'end': '2025-10-01T10:45:00+00:00',
        'price': 638.47,
        'start': '2025-10-01T10:30:00+00:00',
      }),
      dict({
        'end': '2025-10-01T11:00:00+00:00',
        'price': 634.82,
        'start': '2025-10-01T10:45:00+00:00',
      }),
      dict({
        'end': '2025-10-01T11:15:00+00:00',
        'price': 637.36,
        'start': '2025-10-01T11:00:00+00:00',
      }),
      dict({
        'end': '2025-10-01T11:30:00+00:00',
        'price': 660.68,
        'start': '2025-10-01T11:15:00+00:00',
      }),
      dict({
        'end': '2025-10-01T11:45:00+00:00',
        'price': 679.14,
        'start': '2025-10-01T11:30:00+00:00',
      }),
      dict({
        'end': '2025-10-01T12:00:00+00:00',
        'price': 694.61,
        'start': '2025-10-01T11:45:00+00:00',
      }),
      dict({
        'end': '2025-10-01T12:15:00+00:00',
        'price': 622.33,
        'start': '2025-10-01T12:00:00+00:00',
      }),
      dict({
        'end': '2025-10-01T12:30:00+00:00',
        'price': 685.44,
        'start': '2025-10-01T12:15:00+00:00',
      }),
      dict({
        'end': '2025-10-01T12:45:00+00:00',
        'price': 732.85,
        'start': '2025-10-01T12:30:00+00:00',
      }),
      dict({
        'end': '2025-10-01T13:00:00+00:00',
        'price': 801.92,
        'start': '2025-10-01T12:45:00+00:00',
      }),
      dict({
        'end': '2025-10-01T13:15:00+00:00',
        'price': 629.4,
        'start': '2025-10-01T13:00:00+00:00',
      }),
      dict({
        'end': '2025-10-01T13:30:00+00:00',
        'price': 729.53,
        'start': '2025-10-01T13:15:00+00:00',
      }),
      dict({
        'end': '2025-10-01T13:45:00+00:00',
        'price': 884.81,
        'start': '2025-10-01T13:30:00+00:00',
      }),
      dict({
        'end': '2025-10-01T14:00:00+00:00',
        'price': 984.94,
        'start': '2025-10-01T13:45:00+00:00',
      }),
      dict({
        'end': '2025-10-01T14:15:00+00:00',
        'price': 615.26,
        'start': '2025-10-01T14:00:00+00:00',
      }),
      dict({
        'end': '2025-10-01T14:30:00+00:00',
        'price': 902.94,
        'start': '2025-10-01T14:15:00+00:00',
      }),
      dict({
        'end': '2025-10-01T14:45:00+00:00',
        'price': 1043.85,
        'start': '2025-10-01T14:30:00+00:00',
      }),
      dict({
        'end': '2025-10-01T15:00:00+00:00',
        'price': 1075.12,
        'start': '2025-10-01T14:45:00+00:00',
      }),
      dict({
        'end': '2025-10-01T15:15:00+00:00',
        'price': 980.52,
        'start': '2025-10-01T15:00:00+00:00',
      }),
      dict({
        'end': '2025-10-01T15:30:00+00:00',
        'price': 1162.66,
        'start': '2025-10-01T15:15:00+00:00',
      }),
      dict({
        'end': '2025-10-01T15:45:00+00:00',
        'price': 1453.87,
        'start': '2025-10-01T15:30:00+00:00',
      }),
      dict({
        'end': '2025-10-01T16:00:00+00:00',
        'price': 1955.96,
        'start': '2025-10-01T15:45:00+00:00',
      }),
      dict({
        'end': '2025-10-01T16:15:00+00:00',
        'price': 1423.48,
        'start': '2025-10-01T16:00:00+00:00',
      }),
      dict({
        'end': '2025-10-01T16:30:00+00:00',
        'price': 1900.04,
        'start': '2025-10-01T16:15:00+00:00',
      }),
      dict({
        'end': '2025-10-01T16:45:00+00:00',
        'price': 2611.11,
        'start': '2025-10-01T16:30:00+00:00',
      }),
      dict({
        'end': '2025-10-01T17:00:00+00:00',
        'price': 3467.41,
        'start': '2025-10-01T16:45:00+00:00',
      }),
      dict({
        'end': '2025-10-01T17:15:00+00:00',
        'price': 3828.03,
        'start': '2025-10-01T17:00:00+00:00',
      }),
      dict({
        'end': '2025-10-01T17:30:00+00:00',
        'price': 3429.83,
        'start': '2025-10-01T17:15:00+00:00',
      }),
      dict({
        'end': '2025-10-01T17:45:00+00:00',
        'price': 2934.38,
        'start': '2025-10-01T17:30:00+00:00',
      }),
      dict({
        'end': '2025-10-01T18:00:00+00:00',
        'price': 2308.07,
        'start': '2025-10-01T17:45:00+00:00',
      }),
      dict({
        'end': '2025-10-01T18:15:00+00:00',
        'price': 1997.96,
        'start': '2025-10-01T18:00:00+00:00',
      }),
      dict({
        'end': '2025-10-01T18:30:00+00:00',
        'price': 1424.03,
        'start': '2025-10-01T18:15:00+00:00',
      }),
      dict({
        'end': '2025-10-01T18:45:00+00:00',
        'price': 1216.81,
        'start': '2025-10-01T18:30:00+00:00',
      }),
      dict({
        'end': '2025-10-01T19:00:00+00:00',
        'price': 1070.15,
        'start': '2025-10-01T18:45:00+00:00',
      }),
      dict({
        'end': '2025-10-01T19:15:00+00:00',
        'price': 1218.14,
        'start': '2025-10-01T19:00:00+00:00',
      }),
      dict({
        'end': '2025-10-01T19:30:00+00:00',
        'price': 1135.8,
        'start': '2025-10-01T19:15:00+00:00',
      }),
      dict({
        'end': '2025-10-01T19:45:00+00:00',
        'price': 959.96,
        'start': '2025-10-01T19:30:00+00:00',
      }),
      dict({
        'end': '2025-10-01T20:00:00+00:00',
        'price': 913.66,
        'start': '2025-10-01T19:45:00+00:00',
      }),
      dict({
        'end': '2025-10-01T20:15:00+00:00',
        'price': 1001.63,
        'start': '2025-10-01T20:00:00+00:00',
      }),
      dict({
        'end': '2025-10-01T20:30:00+00:00',
        'price': 933.0,
        'start': '2025-10-01T20:15:00+00:00',
      }),
      dict({
        'end': '2025-10-01T20:45:00+00:00',
        'price': 874.53,
        'start': '2025-10-01T20:30:00+00:00',
      }),
      dict({
        'end': '2025-10-01T21:00:00+00:00',
        'price': 821.71,
        'start': '2025-10-01T20:45:00+00:00',
      }),
      dict({
        'end': '2025-10-01T21:15:00+00:00',
        'price': 860.5,
        'start': '2025-10-01T21:00:00+00:00',
      }),
      dict({
        'end': '2025-10-01T21:30:00+00:00',
        'price': 840.16,
        'start': '2025-10-01T21:15:00+00:00',
      }),
      dict({
        'end': '2025-10-01T21:45:00+00:00',
        'price': 820.05,
        'start': '2025-10-01T21:30:00+00:00',
      }),
      dict({
        'end': '2025-10-01T22:00:00+00:00',
        'price': 785.68,
        'start': '2025-10-01T21:45:00+00:00',
      }),
    ]),
  })
# ---
# name: test_service_call_for_price_indices[get_price_indices_for_date_60]
  dict({
    'SE3': list([
      dict({
        'end': '2025-09-30T23:00:00+00:00',
        'price': 523.75,
        'start': '2025-09-30T22:00:00+00:00',
      }),
      dict({
        'end': '2025-10-01T00:00:00+00:00',
        'price': 485.95,
        'start': '2025-09-30T23:00:00+00:00',
      }),
      dict({
        'end': '2025-10-01T01:00:00+00:00',
        'price': 504.85,
        'start': '2025-10-01T00:00:00+00:00',
      }),
      dict({
        'end': '2025-10-01T02:00:00+00:00',
        'price': 442.07,
        'start': '2025-10-01T01:00:00+00:00',
      }),
      dict({
        'end': '2025-10-01T03:00:00+00:00',
        'price': 496.12,
        'start': '2025-10-01T02:00:00+00:00',
      }),
      dict({
        'end': '2025-10-01T04:00:00+00:00',
        'price': 670.85,
        'start': '2025-10-01T03:00:00+00:00',
      }),
      dict({
        'end': '2025-10-01T05:00:00+00:00',
        'price': 1149.72,
        'start': '2025-10-01T04:00:00+00:00',
      }),
      dict({
        'end': '2025-10-01T06:00:00+00:00',
        'price': 1694.25,
        'start': '2025-10-01T05:00:00+00:00',
      }),
      dict({
        'end': '2025-10-01T07:00:00+00:00',
        'price': 1378.06,
        'start': '2025-10-01T06:00:00+00:00',
      }),
      dict({
        'end': '2025-10-01T08:00:00+00:00',
        'price': 1063.41,
        'start': '2025-10-01T07:00:00+00:00',
      }),
      dict({
        'end': '2025-10-01T09:00:00+00:00',
        'price': 874.53,
        'start': '2025-10-01T08:00:00+00:00',
      }),
      dict({
        'end': '2025-10-01T10:00:00+00:00',
        'price': 708.2,
        'start': '2025-10-01T09:00:00+00:00',
      }),
      dict({
        'end': '2025-10-01T11:00:00+00:00',
        'price': 646.53,
        'start': '2025-10-01T10:00:00+00:00',
      }),
      dict({
        'end': '2025-10-01T12:00:00+00:00',
        'price': 667.97,
        'start': '2025-10-01T11:00:00+00:00',
      }),
      dict({
        'end': '2025-10-01T13:00:00+00:00',
        'price': 710.63,
        'start': '2025-10-01T12:00:00+00:00',
      }),
      dict({
        'end': '2025-10-01T14:00:00+00:00',
        'price': 807.23,
        'start': '2025-10-01T13:00:00+00:00',
      }),
      dict({
        'end': '2025-10-01T15:00:00+00:00',
        'price': 909.35,
        'start': '2025-10-01T14:00:00+00:00',
      }),
      dict({
        'end': '2025-10-01T16:00:00+00:00',
        'price': 1388.22,
        'start': '2025-10-01T15:00:00+00:00',
      }),
      dict({
        'end': '2025-10-01T17:00:00+00:00',
        'price': 2350.51,
        'start': '2025-10-01T16:00:00+00:00',
      }),
      dict({
        'end': '2025-10-01T18:00:00+00:00',
        'price': 3125.13,
        'start': '2025-10-01T17:00:00+00:00',
      }),
      dict({
        'end': '2025-10-01T19:00:00+00:00',
        'price': 1427.24,
        'start': '2025-10-01T18:00:00+00:00',
      }),
      dict({
        'end': '2025-10-01T20:00:00+00:00',
        'price': 1056.89,
        'start': '2025-10-01T19:00:00+00:00',
      }),
      dict({
        'end': '2025-10-01T21:00:00+00:00',
        'price': 907.69,
        'start': '2025-10-01T20:00:00+00:00',
      }),
      dict({
        'end': '2025-10-01T22:00:00+00:00',
        'price': 826.57,
        'start': '2025-10-01T21:00:00+00:00',
      }),
    ]),
  })
# ---
