# serializer version: 1
# name: test_device_info
  DeviceRegistryEntrySnapshot({
    'area_id': None,
    'config_entries': <ANY>,
    'configuration_url': None,
    'connections': set({
      tuple(
        'mac',
        'b0:a7:37:96:4d:fa',
      ),
      tuple(
        'mac',
        'b0:a7:37:96:4d:fb',
      ),
    }),
    'disabled_by': None,
    'entry_type': None,
    'hw_version': '4200X',
    'id': <ANY>,
    'identifiers': set({
      tuple(
        'roku',
        '1GU48T017973',
      ),
    }),
    'is_new': False,
    'labels': set({
    }),
    'manufacturer': 'Roku',
    'model': 'Roku 3',
    'model_id': None,
    'name': 'My Roku 3',
    'name_by_user': None,
    'primary_config_entry': <ANY>,
    'serial_number': None,
    'suggested_area': None,
    'sw_version': '7.5.0',
    'via_device_id': None,
  })
# ---
