# serializer version: 1
# name: test_entities[button.test_snoo_start-entry]
  EntityRegistryEntrySnapshot({
    'aliases': set({
    }),
    'area_id': None,
    'capabilities': None,
    'config_entry_id': <ANY>,
    'config_subentry_id': <ANY>,
    'device_class': None,
    'device_id': <ANY>,
    'disabled_by': None,
    'domain': 'button',
    'entity_category': None,
    'entity_id': 'button.test_snoo_start',
    'has_entity_name': True,
    'hidden_by': None,
    'icon': None,
    'id': <ANY>,
    'labels': set({
    }),
    'name': None,
    'options': dict({
    }),
    'original_device_class': None,
    'original_icon': None,
    'original_name': 'Start',
    'platform': 'snoo',
    'previous_unique_id': None,
    'suggested_object_id': None,
    'supported_features': 0,
    'translation_key': 'start_snoo',
    'unique_id': 'random_num_start_snoo',
    'unit_of_measurement': None,
  })
# ---
# name: test_entities[button.test_snoo_start-state]
  StateSnapshot({
    'attributes': ReadOnlyDict({
      'friendly_name': 'Test Snoo Start',
    }),
    'context': <ANY>,
    'entity_id': 'button.test_snoo_start',
    'last_changed': <ANY>,
    'last_reported': <ANY>,
    'last_updated': <ANY>,
    'state': 'unavailable',
  })
# ---
